rlox: runtime error: '1 + 1': Operands must be two numbers or two strings.
