rlox: runtime error: Expected 0 arguments but got 3.
