rlox: Error at 'return': Cannot return a value from an initializer.
