rlox: Error at 'Foo': A class cannot inherit from itself.
