rlox: runtime error: Undefined variable 'unknown'.
