rlox: runtime error: Expected 2 arguments but got 1.
