rlox: runtime error: Undefined property 'unknown'.
