rlox: Error at 'a': Cannot have more than 255 parameters.
