rlox: Error at 'super': Cannot use 'super' in a class with no superclass.
