rlox: runtime error: Undefined property 'doesNotExist'.
