rlox: Error at 'super': Cannot use 'super' outside of a class.
