rlox: runtime error: Undefined variable 'notDefined'.
