rlox: runtime error: Only instances have properties.
